// Jest Snapshot v1, https://jestjs.io/docs/snapshot-testing

exports[`emits a module export 1`] = `
"local message = "hello"
return {
	message = message,
}
"
`;

exports[`omits blank lines left by block comment delimiters 1`] = `
"--[[
	*
	 * indented closing delimiter
]]
print(1)
--[[
	*
	* unindented closing delimiter
]]
print(2)
--[[
		opening delimiter on its own line
		second line
]]
print(3)
--single line
print(4)
return nil
"
`;

exports[`places Luau directives before the compiler header 1`] = `
"--!strict
--!native
local value = 1
return {
	value = value,
}
"
`;
