// Jest Snapshot v1, https://jestjs.io/docs/snapshot-testing

exports[`reports unsupported iteration without crashing: declare const values: IterableIterator<number>; const copy = [...values]; 1`] = `
"Cannot iterate over this type!
roblox-ts needs a supported, specific iterable type to generate the correct iteration code.
Suggestion: Use a supported type such as Array<T>, Set<T>, or Map<K, V>."
`;

exports[`reports unsupported iteration without crashing: declare const values: IterableIterator<number>; for (const value of values) {} 1`] = `
"Cannot iterate over this type!
roblox-ts needs a supported, specific iterable type to generate the correct iteration code.
Suggestion: Use a supported type such as Array<T>, Set<T>, or Map<K, V>."
`;

exports[`reports unsupported iteration without crashing: declare const values: any; const copy = [...values]; 1`] = `
"Cannot iterate over this type!
roblox-ts needs a supported, specific iterable type to generate the correct iteration code.
Suggestion: Use a supported type such as Array<T>, Set<T>, or Map<K, V>."
`;

exports[`reports unsupported iteration without crashing: declare const values: any; for (const value of values) {} 1`] = `
"Cannot iterate over this type!
roblox-ts needs a supported, specific iterable type to generate the correct iteration code.
Suggestion: Use a supported type such as Array<T>, Set<T>, or Map<K, V>."
`;
